---
source: crates/biome_formatter_test/src/snapshot_builder.rs
info: html/comments/hidden.html
---
# Input

```html
<!DOCTYPE html>
<html>
    <body>

        <!--This is a comment-->
        <!-- This is a comment -->
        <!--  This is a comment  -->
        <!--   This   is   a   comment   -->
        <p>This is a paragraph.</p>
        <!-- Comments are not displayed in the browser -->

    </body>
</html>

```


# Prettier differences

```diff
--- Prettier
+++ Biome
@@ -1,4 +1,4 @@
-<!doctype html>
+<!DOCTYPE html>
 <html>
   <body>
     <!--This is a comment-->
@@ -6,6 +6,7 @@
     <!--  This is a comment  -->
     <!--   This   is   a   comment   -->
     <p>This is a paragraph.</p>
-    <!-- Comments are not displayed in the browser -->
+  <!-- Comments are not displayed in the browser -->
+
   </body>
 </html>
```

# Output

```html
<!DOCTYPE html>
<html>
  <body>
    <!--This is a comment-->
    <!-- This is a comment -->
    <!--  This is a comment  -->
    <!--   This   is   a   comment   -->
    <p>This is a paragraph.</p>
  <!-- Comments are not displayed in the browser -->

  </body>
</html>
```
